// Jest Snapshot v1, https://goo.gl/fbAQLP

exports[`ButtonPanel Component output renders consistently 1`] = `
<div
  className="flexContainer"
>
  <div
    className="fixedHeight"
  >
    <button
      className="maxWidth"
      onClick={[Function]}
      style={
        Object {
          "background": false,
          "width": "25%",
        }
      }
      type="button"
    >
      AC
    </button>
    <button
      className="maxWidth"
      onClick={[Function]}
      style={
        Object {
          "background": false,
          "width": "25%",
        }
      }
      type="button"
    >
      +/-
    </button>
    <button
      className="maxWidth"
      onClick={[Function]}
      style={
        Object {
          "background": false,
          "width": "25%",
        }
      }
      type="button"
    >
      %
    </button>
    <button
      className="maxWidth"
      onClick={[Function]}
      style={
        Object {
          "background": "orange",
          "width": "25%",
        }
      }
      type="button"
    >
      รท
    </button>
  </div>
  <div
    className="fixedHeight"
  >
    <button
      className="maxWidth"
      onClick={[Function]}
      style={
        Object {
          "background": false,
          "width": "25%",
        }
      }
      type="button"
    >
      7
    </button>
    <button
      className="maxWidth"
      onClick={[Function]}
      style={
        Object {
          "background": false,
          "width": "25%",
        }
      }
      type="button"
    >
      8
    </button>
    <button
      className="maxWidth"
      onClick={[Function]}
      style={
        Object {
          "background": false,
          "width": "25%",
        }
      }
      type="button"
    >
      9
    </button>
    <button
      className="maxWidth"
      onClick={[Function]}
      style={
        Object {
          "background": "orange",
          "width": "25%",
        }
      }
      type="button"
    >
      x
    </button>
  </div>
  <div
    className="fixedHeight"
  >
    <button
      className="maxWidth"
      onClick={[Function]}
      style={
        Object {
          "background": false,
          "width": "25%",
        }
      }
      type="button"
    >
      4
    </button>
    <button
      className="maxWidth"
      onClick={[Function]}
      style={
        Object {
          "background": false,
          "width": "25%",
        }
      }
      type="button"
    >
      5
    </button>
    <button
      className="maxWidth"
      onClick={[Function]}
      style={
        Object {
          "background": false,
          "width": "25%",
        }
      }
      type="button"
    >
      6
    </button>
    <button
      className="maxWidth"
      onClick={[Function]}
      style={
        Object {
          "background": "orange",
          "width": "25%",
        }
      }
      type="button"
    >
      -
    </button>
  </div>
  <div
    className="fixedHeight"
  >
    <button
      className="maxWidth"
      onClick={[Function]}
      style={
        Object {
          "background": false,
          "width": "25%",
        }
      }
      type="button"
    >
      1
    </button>
    <button
      className="maxWidth"
      onClick={[Function]}
      style={
        Object {
          "background": false,
          "width": "25%",
        }
      }
      type="button"
    >
      2
    </button>
    <button
      className="maxWidth"
      onClick={[Function]}
      style={
        Object {
          "background": false,
          "width": "25%",
        }
      }
      type="button"
    >
      3
    </button>
    <button
      className="maxWidth"
      onClick={[Function]}
      style={
        Object {
          "background": "orange",
          "width": "25%",
        }
      }
      type="button"
    >
      +
    </button>
  </div>
  <div
    className="fixedHeight"
  >
    <button
      className="maxWidth"
      onClick={[Function]}
      style={
        Object {
          "background": false,
          "width": "50%",
        }
      }
      type="button"
    >
      0
    </button>
    <button
      className="maxWidth"
      onClick={[Function]}
      style={
        Object {
          "background": false,
          "width": "25%",
        }
      }
      type="button"
    >
      .
    </button>
    <button
      className="maxWidth"
      onClick={[Function]}
      style={
        Object {
          "background": "orange",
          "width": "25%",
        }
      }
      type="button"
    >
      =
    </button>
  </div>
</div>
`;
