// Jest Snapshot v1, https://goo.gl/fbAQLP

exports[`Home component renders the DOM without errors 1`] = `
<div
  className="homeContainer"
>
  <div>
    <p>
      Mathematics as an expression of the human mind reflects the active will, the contemplative reason, and the desire for aesthetic perfection. Its basic elements are logic and intuition, analysis and construction, generality and individuality.
    </p>
    <p>
      We will always have STEM with us. Some things will drop out of the public eye and go away, but there will always be science, engineering and technology. And there will always, always be mathematics.
    </p>
  </div>
</div>
`;
